../Core/Src/main.c:99:5:main	8	static
../Core/Src/main.c:185:6:SystemClock_Config	88	static
../Core/Src/main.c:226:13:MX_ADC1_Init	56	static
../Core/Src/main.c:294:13:MX_GPIO_Init	48	static
../Core/Src/main.c:348:10:analogRead	56	static
../Core/Src/main.c:375:6:Std_Mag	8	static
../Core/Src/main.c:386:6:AutoMag	8	static
../Core/Src/main.c:407:6:Mag_Shot	8	static
../Core/Src/main.c:414:6:Demag	8	static
../Core/Src/main.c:425:6:Water_On	8	static
../Core/Src/main.c:431:6:Water_Off	8	static
../Core/Src/main.c:437:6:Clamp	8	static
../Core/Src/main.c:443:6:UnClamp	8	static
../Core/Src/main.c:448:6:Piss	8	static
../Core/Src/main.c:456:6:Temp_Check	8	static
../Core/Src/main.c:468:6:SCR_ON	8	static
../Core/Src/main.c:473:6:SCR_OFF	8	static
../Core/Src/main.c:478:6:PGM_MODE	8	static
../Core/Src/main.c:501:6:MAG_SETUP	8	static
../Core/Src/main.c:522:6:Error_Handler	8	static,ignoring_inline_asm
